=== Bß║«T ─Éß║ªU TEST C├üC API VNPT ===

[1] ─Éang test qu├⌐t thß║╗ CCCD vß╗¢i file: id_01.jpg
 -> ─Éang upload ß║únh l├¬n hß╗ç thß╗æng...
 -> ─Éang gß╗ìi OCR b├│c t├ích th├┤ng tin...
 Kß║┐t quß║ú OCR:
   Hß╗ì t├¬n: 
   CCCD: 
   Ng├áy sinh: 
   ─Éß╗ïa chß╗ë: 
   [RAW API RESPONSE]: {'messageObjects': [], 'messageFields': [], 'statusCode': '401 UNAUTHORIZED', 'message': 'IDG-00000401', 'status': 'UNAUTHORIZED', 'error': 'No permission to access token id'}

[2] ─Éang test qu├⌐t Biß╗ân sß╗æ xe vß╗¢i file: amb_01.jpg
 -> ─Éang gß╗ìi SmartVision LPR...
 Kß║┐t quß║ú nhß║¡n diß╗çn Biß╗ân sß╗æ:
   Biß╗ân sß╗æ: Kh├┤ng r├╡
   [RAW API RESPONSE]: {'messageObjects': [], 'messageFields': [], 'statusCode': '401 UNAUTHORIZED', 'message': 'IDG-00000401', 'status': 'UNAUTHORIZED', 'error': 'No permission to access token id'}
